<html>
<body>
<pre>
<h1>礦ision Build Log</h1>
<h2>Tool Versions:</h2>
IDE-Version: μVision V5.32.0.0
Copyright (C) 2020 ARM Ltd and ARM Germany GmbH. All rights reserved.
License Information: h h, h, LIC=HN0AE-5KY5E-EVP1R-K3U74-4YUS3-EGVML
 
Tool Versions:
Toolchain:       MDK-ARM Plus  Version: 5.32.0.0
Toolchain Path:  E:\StudySoftware\Keil_v5\ARM\ARMCC\Bin
C Compiler:      Armcc.exe V5.06 update 7 (build 960)
Assembler:       Armasm.exe V5.06 update 7 (build 960)
Linker/Locator:  ArmLink.exe V5.06 update 7 (build 960)
Library Manager: ArmAr.exe V5.06 update 7 (build 960)
Hex Converter:   FromElf.exe V5.06 update 7 (build 960)
CPU DLL:         SARMCM3.DLL V5.32.0.0
Dialog DLL:      DARMCM1.DLL V1.19.4.0
Target DLL:      STLink\ST-LINKIII-KEIL_SWO.dll V3.0.8.0
Dialog DLL:      TARMCM1.DLL V1.14.3.0
 
<h2>Project:</h2>
H:\专业学习\STM32\STM课程作业\STM32\STMF030\AutoUsb_SW_V0.0.0.1_190706A\AutoUsb_SC_V0.0.0.1_200926A\prj\test.uvproj
Project File Date:  11/05/2020

<h2>Output:</h2>
*** Using Compiler 'V5.06 update 7 (build 960)', folder: 'E:\StudySoftware\Keil_v5\ARM\ARMCC\Bin'
Rebuild target 'AutoUsb'
compiling system_stm32f0xx.c...
compiling main.c...
compiling stm32f0xx_it.c...
compiling dev_func.c...
compiling game.c...
compiling user.c...
assembling startup_stm32f0xx.s...
compiling core_cm3.c...
compiling stm32f0xx_adc.c...
compiling stm32f0xx_cec.c...
compiling stm32f0xx_comp.c...
compiling stm32f0xx_crc.c...
compiling stm32f0xx_dac.c...
compiling stm32f0xx_dbgmcu.c...
compiling stm32f0xx_dma.c...
compiling stm32f0xx_exti.c...
compiling stm32f0xx_flash.c...
compiling stm32f0xx_gpio.c...
compiling stm32f0xx_i2c.c...
compiling stm32f0xx_iwdg.c...
compiling stm32f0xx_misc.c...
compiling stm32f0xx_pwr.c...
compiling stm32f0xx_rcc.c...
compiling stm32f0xx_spi.c...
compiling stm32f0xx_rtc.c...
compiling stm32f0xx_syscfg.c...
compiling stm32f0xx_usart.c...
compiling stm32f0xx_tim.c...
compiling stm32f0xx_wwdg.c...
compiling delay.c...
compiling ble.c...
compiling switch.c...
compiling 24cl02.c...
compiling eepiic.c...
compiling oled.c...
compiling ds1302.c...
compiling flash.c...
compiling itemp.c...
compiling ds18b20.c...
linking...
Program Size: Code=27136 RO-data=2308 RW-data=1412 ZI-data=2364  
FromELF: creating hex file...
".\test.axf" - 0 Error(s), 0 Warning(s).
Build Time Elapsed:  00:00:11
</pre>
</body>
</html>
